// Jest Snapshot v1, https://goo.gl/fbAQLP

exports[`Header component should render Header component 1`] = `undefined`;

exports[`PlayerInfo component should render Header component 1`] = `undefined`;
